1778003093: mosquitto version 2.1.2 starting
1778003093: Config loaded from /mosquitto/config/mosquitto.conf.
1778003093: Bridge support available.
1778003093: Persistence support available.
1778003093: TLS support available.
1778003093: TLS-PSK support available.
1778003093: Websockets support available.
1778003093: password-file: Error: Unable to open pwfile "/mosquitto/config/passwd".
1778003093: mosquitto version 2.1.2 terminating
1778003093: Saving in-memory database to /mosquitto/data//mosquitto.db.
1778003094: mosquitto version 2.1.2 starting
1778003094: Config loaded from /mosquitto/config/mosquitto.conf.
1778003094: Bridge support available.
1778003094: Persistence support available.
1778003094: TLS support available.
1778003094: TLS-PSK support available.
1778003094: Websockets support available.
1778003094: password-file: Error: Unable to open pwfile "/mosquitto/config/passwd".
1778003094: mosquitto version 2.1.2 terminating
1778003094: Saving in-memory database to /mosquitto/data//mosquitto.db.
1778003094: mosquitto version 2.1.2 starting
1778003094: Config loaded from /mosquitto/config/mosquitto.conf.
1778003094: Bridge support available.
1778003094: Persistence support available.
1778003094: TLS support available.
1778003094: TLS-PSK support available.
1778003094: Websockets support available.
1778003094: password-file: Error: Unable to open pwfile "/mosquitto/config/passwd".
1778003094: mosquitto version 2.1.2 terminating
1778003094: Saving in-memory database to /mosquitto/data//mosquitto.db.
1778003095: mosquitto version 2.1.2 starting
1778003095: Config loaded from /mosquitto/config/mosquitto.conf.
1778003095: Bridge support available.
1778003095: Persistence support available.
1778003095: TLS support available.
1778003095: TLS-PSK support available.
1778003095: Websockets support available.
1778003095: password-file: Error: Unable to open pwfile "/mosquitto/config/passwd".
1778003095: mosquitto version 2.1.2 terminating
1778003095: Saving in-memory database to /mosquitto/data//mosquitto.db.
1778003096: mosquitto version 2.1.2 starting
1778003096: Config loaded from /mosquitto/config/mosquitto.conf.
1778003096: Bridge support available.
1778003096: Persistence support available.
1778003096: TLS support available.
1778003096: TLS-PSK support available.
1778003096: Websockets support available.
1778003096: password-file: Error: Unable to open pwfile "/mosquitto/config/passwd".
1778003096: mosquitto version 2.1.2 terminating
1778003096: Saving in-memory database to /mosquitto/data//mosquitto.db.
1778003098: mosquitto version 2.1.2 starting
1778003098: Config loaded from /mosquitto/config/mosquitto.conf.
1778003098: Bridge support available.
1778003098: Persistence support available.
1778003098: TLS support available.
1778003098: TLS-PSK support available.
1778003098: Websockets support available.
1778003098: password-file: Error: Unable to open pwfile "/mosquitto/config/passwd".
1778003098: mosquitto version 2.1.2 terminating
1778003098: Saving in-memory database to /mosquitto/data//mosquitto.db.
1778003101: mosquitto version 2.1.2 starting
1778003101: Config loaded from /mosquitto/config/mosquitto.conf.
1778003101: Bridge support available.
1778003101: Persistence support available.
1778003101: TLS support available.
1778003101: TLS-PSK support available.
1778003101: Websockets support available.
1778003101: password-file: Error: Unable to open pwfile "/mosquitto/config/passwd".
1778003101: mosquitto version 2.1.2 terminating
1778003101: Saving in-memory database to /mosquitto/data//mosquitto.db.
1778003108: mosquitto version 2.1.2 starting
1778003108: Config loaded from /mosquitto/config/mosquitto.conf.
1778003108: Bridge support available.
1778003108: Persistence support available.
1778003108: TLS support available.
1778003108: TLS-PSK support available.
1778003108: Websockets support available.
1778003108: password-file: Error: Unable to open pwfile "/mosquitto/config/passwd".
1778003108: mosquitto version 2.1.2 terminating
1778003108: Saving in-memory database to /mosquitto/data//mosquitto.db.
1778003121: mosquitto version 2.1.2 starting
1778003121: Config loaded from /mosquitto/config/mosquitto.conf.
1778003121: Bridge support available.
1778003121: Persistence support available.
1778003121: TLS support available.
1778003121: TLS-PSK support available.
1778003121: Websockets support available.
1778003121: password-file: Error: Unable to open pwfile "/mosquitto/config/passwd".
1778003121: mosquitto version 2.1.2 terminating
1778003121: Saving in-memory database to /mosquitto/data//mosquitto.db.
1778003146: mosquitto version 2.1.2 starting
1778003146: Config loaded from /mosquitto/config/mosquitto.conf.
1778003146: Bridge support available.
1778003146: Persistence support available.
1778003146: TLS support available.
1778003146: TLS-PSK support available.
1778003146: Websockets support available.
1778003146: password-file: Error: Unable to open pwfile "/mosquitto/config/passwd".
1778003146: mosquitto version 2.1.2 terminating
1778003146: Saving in-memory database to /mosquitto/data//mosquitto.db.
1778003198: mosquitto version 2.1.2 starting
1778003198: Config loaded from /mosquitto/config/mosquitto.conf.
1778003198: Bridge support available.
1778003198: Persistence support available.
1778003198: TLS support available.
1778003198: TLS-PSK support available.
1778003198: Websockets support available.
1778003198: Plugin builtin-security has registered to receive 'basic-auth' events.
1778003198: Warning: File /mosquitto/config/acl has world readable permissions. Future versions will refuse to load this file.
To fix this, use `chmod 0700 /mosquitto/config/acl`.

1778003198: Warning: File /mosquitto/config/acl owner is not mosquitto. Future versions will refuse to load this file.To fix this, use `chown mosquitto /mosquitto/config/acl`.

1778003198: Warning: File /mosquitto/config/acl group is not mosquitto. Future versions will refuse to load this file.

1778003198: Plugin builtin-security has registered to receive 'acl-check' events.
1778003198: Opening ipv4 listen socket on port 1883.
1778003198: Opening ipv4 listen socket on port 8883.
1778003198: mosquitto version 2.1.2 running
1778003200: New connection from 172.18.0.6:33849 on port 1883.
1778003200: New client connected from 172.18.0.6:33849 as django-consumer (p5, c1, k60, u'django-consumer').
1778004999: Saving in-memory database to /mosquitto/data//mosquitto.db.
1778006800: Saving in-memory database to /mosquitto/data//mosquitto.db.
1778008601: Saving in-memory database to /mosquitto/data//mosquitto.db.
1778010402: Saving in-memory database to /mosquitto/data//mosquitto.db.
1778010865: Client django-consumer [172.18.0.6:33849] disconnected.
1778010865: New connection from 172.18.0.6:59843 on port 1883.
1778010865: New client connected from 172.18.0.6:59843 as django-consumer (p5, c1, k60, u'django-consumer').
1778010875: Client django-consumer [172.18.0.6:59843] disconnected: connection closed by client.
1778010876: mosquitto version 2.1.2 terminating
1778010876: Saving in-memory database to /mosquitto/data//mosquitto.db.
1778011244: mosquitto version 2.1.2 starting
1778011244: Config loaded from /mosquitto/config/mosquitto.conf.
1778011244: Bridge support available.
1778011244: Persistence support available.
1778011244: TLS support available.
1778011244: TLS-PSK support available.
1778011244: Websockets support available.
1778011244: Plugin builtin-security has registered to receive 'basic-auth' events.
1778011244: Warning: File /mosquitto/config/acl has world readable permissions. Future versions will refuse to load this file.
To fix this, use `chmod 0700 /mosquitto/config/acl`.

1778011244: Warning: File /mosquitto/config/acl owner is not mosquitto. Future versions will refuse to load this file.To fix this, use `chown mosquitto /mosquitto/config/acl`.

1778011244: Warning: File /mosquitto/config/acl group is not mosquitto. Future versions will refuse to load this file.

1778011244: Plugin builtin-security has registered to receive 'acl-check' events.
1778011244: Opening ipv4 listen socket on port 1883.
1778011244: Opening ipv4 listen socket on port 8883.
1778011244: mosquitto version 2.1.2 running
1778011245: New connection from 172.18.0.5:32899 on port 1883.
1778011245: New client connected from 172.18.0.5:32899 as django-consumer (p5, c1, k60, u'django-consumer').
1778013044: Saving in-memory database to /mosquitto/data//mosquitto.db.
1778014845: Saving in-memory database to /mosquitto/data//mosquitto.db.
1778016646: Saving in-memory database to /mosquitto/data//mosquitto.db.
1778018447: Saving in-memory database to /mosquitto/data//mosquitto.db.
1778020248: Saving in-memory database to /mosquitto/data//mosquitto.db.
1778022049: Saving in-memory database to /mosquitto/data//mosquitto.db.
1778023850: Saving in-memory database to /mosquitto/data//mosquitto.db.
1778025651: Saving in-memory database to /mosquitto/data//mosquitto.db.
1778027452: Saving in-memory database to /mosquitto/data//mosquitto.db.
1778029253: Saving in-memory database to /mosquitto/data//mosquitto.db.
1778031054: Saving in-memory database to /mosquitto/data//mosquitto.db.
1778032855: Saving in-memory database to /mosquitto/data//mosquitto.db.
1778034656: Saving in-memory database to /mosquitto/data//mosquitto.db.
1778036457: Saving in-memory database to /mosquitto/data//mosquitto.db.
1778038258: Saving in-memory database to /mosquitto/data//mosquitto.db.
1778040059: Saving in-memory database to /mosquitto/data//mosquitto.db.
1778041860: Saving in-memory database to /mosquitto/data//mosquitto.db.
1778043661: Saving in-memory database to /mosquitto/data//mosquitto.db.
1778045462: Saving in-memory database to /mosquitto/data//mosquitto.db.
1778047263: Saving in-memory database to /mosquitto/data//mosquitto.db.
1778048518: Client django-consumer [172.18.0.5:32899] disconnected.
1778048518: New connection from 172.18.0.5:45823 on port 1883.
1778048518: New client connected from 172.18.0.5:45823 as django-consumer (p5, c1, k60, u'django-consumer').
1778048528: Client django-consumer [172.18.0.5:45823] disconnected: connection closed by client.
1778048528: mosquitto version 2.1.2 terminating
1778048528: Saving in-memory database to /mosquitto/data//mosquitto.db.
1778048529: mosquitto version 2.1.2 starting
1778048529: Config loaded from /mosquitto/config/mosquitto.conf.
1778048529: Bridge support available.
1778048529: Persistence support available.
1778048529: TLS support available.
1778048529: TLS-PSK support available.
1778048529: Websockets support available.
1778048529: Plugin builtin-security has registered to receive 'basic-auth' events.
1778048529: Warning: File /mosquitto/config/acl has world readable permissions. Future versions will refuse to load this file.
To fix this, use `chmod 0700 /mosquitto/config/acl`.

1778048529: Warning: File /mosquitto/config/acl owner is not mosquitto. Future versions will refuse to load this file.To fix this, use `chown mosquitto /mosquitto/config/acl`.

1778048529: Warning: File /mosquitto/config/acl group is not mosquitto. Future versions will refuse to load this file.

1778048529: Plugin builtin-security has registered to receive 'acl-check' events.
1778048529: Opening ipv4 listen socket on port 1883.
1778048529: Opening ipv4 listen socket on port 8883.
1778048529: mosquitto version 2.1.2 running
1778048531: New connection from 172.18.0.7:43669 on port 1883.
1778048531: New client connected from 172.18.0.7:43669 as django-consumer (p5, c1, k60, u'django-consumer').
1778050330: Saving in-memory database to /mosquitto/data//mosquitto.db.
1778052131: Saving in-memory database to /mosquitto/data//mosquitto.db.
1778053932: Saving in-memory database to /mosquitto/data//mosquitto.db.
1778055733: Saving in-memory database to /mosquitto/data//mosquitto.db.
1778057534: Saving in-memory database to /mosquitto/data//mosquitto.db.
1778059335: Saving in-memory database to /mosquitto/data//mosquitto.db.
1778061136: Saving in-memory database to /mosquitto/data//mosquitto.db.
1778062937: Saving in-memory database to /mosquitto/data//mosquitto.db.
1778064738: Saving in-memory database to /mosquitto/data//mosquitto.db.
1778066539: Saving in-memory database to /mosquitto/data//mosquitto.db.
1778068340: Saving in-memory database to /mosquitto/data//mosquitto.db.
1778070141: Saving in-memory database to /mosquitto/data//mosquitto.db.
1778071942: Saving in-memory database to /mosquitto/data//mosquitto.db.
1778073724: Client django-consumer [172.18.0.7:43669] disconnected.
1778073724: New connection from 172.18.0.7:36471 on port 1883.
1778073724: New client connected from 172.18.0.7:36471 as django-consumer (p5, c1, k60, u'django-consumer').
1778073734: Client django-consumer [172.18.0.7:36471] disconnected: connection closed by client.
1778073734: New connection from 172.18.0.7:44055 on port 1883.
1778073734: New client connected from 172.18.0.7:44055 as django-consumer (p5, c1, k60, u'django-consumer').
1778073743: Saving in-memory database to /mosquitto/data//mosquitto.db.
1778074158: Client django-consumer [172.18.0.7:44055] disconnected.
1778074158: New connection from 172.18.0.7:47259 on port 1883.
1778074158: New client connected from 172.18.0.7:47259 as django-consumer (p5, c1, k60, u'django-consumer').
1778074168: Client django-consumer [172.18.0.7:47259] disconnected: connection closed by client.
1778074168: mosquitto version 2.1.2 terminating
1778074168: Saving in-memory database to /mosquitto/data//mosquitto.db.
1778074170: mosquitto version 2.1.2 starting
1778074170: Config loaded from /mosquitto/config/mosquitto.conf.
1778074170: Bridge support available.
1778074170: Persistence support available.
1778074170: TLS support available.
1778074170: TLS-PSK support available.
1778074170: Websockets support available.
1778074170: Plugin builtin-security has registered to receive 'basic-auth' events.
1778074170: Warning: File /mosquitto/config/acl has world readable permissions. Future versions will refuse to load this file.
To fix this, use `chmod 0700 /mosquitto/config/acl`.

1778074170: Warning: File /mosquitto/config/acl owner is not mosquitto. Future versions will refuse to load this file.To fix this, use `chown mosquitto /mosquitto/config/acl`.

1778074170: Warning: File /mosquitto/config/acl group is not mosquitto. Future versions will refuse to load this file.

1778074170: Plugin builtin-security has registered to receive 'acl-check' events.
1778074170: Opening ipv4 listen socket on port 1883.
1778074170: Opening ipv4 listen socket on port 8883.
1778074170: mosquitto version 2.1.2 running
1778074171: New connection from 172.18.0.6:53861 on port 1883.
1778074171: New client connected from 172.18.0.6:53861 as django-consumer (p5, c1, k60, u'django-consumer').
1778075971: Saving in-memory database to /mosquitto/data//mosquitto.db.
1778077772: Saving in-memory database to /mosquitto/data//mosquitto.db.
1778079573: Saving in-memory database to /mosquitto/data//mosquitto.db.
1778081374: Saving in-memory database to /mosquitto/data//mosquitto.db.
1778083175: Saving in-memory database to /mosquitto/data//mosquitto.db.
1778084976: Saving in-memory database to /mosquitto/data//mosquitto.db.
1778086777: Saving in-memory database to /mosquitto/data//mosquitto.db.
1778088578: Saving in-memory database to /mosquitto/data//mosquitto.db.
1778088821: Client django-consumer [172.18.0.6:53861] disconnected.
1778088821: New connection from 172.18.0.6:58967 on port 1883.
1778088821: New client connected from 172.18.0.6:58967 as django-consumer (p5, c1, k60, u'django-consumer').
1778088831: Client django-consumer [172.18.0.6:58967] disconnected: connection closed by client.
1778088831: mosquitto version 2.1.2 terminating
1778088831: Saving in-memory database to /mosquitto/data//mosquitto.db.
